---
source: tests/integration_test.rs
info:
  program: qmkfmt
  args:
    - "--help"
---
success: true
exit_code: 0
----- stdout -----
Usage: qmkfmt [OPTIONS] [PATH]

Arguments:
  [PATH]  Path to keymap.c to format. If omitted, reads stdin and writes to stdout

Options:
      --split-spaces <SPLIT_SPACES>  Number of columns worth of spaces to insert between the left/right halves
  -h, --help                         Print help
  -V, --version                      Print version

----- stderr -----
